SELECT OPERATOR_ID, OPERATOR_TYPE, DECIMAL(TOTAL_COST, 18, 2) AS TOTAL_COST, DECIMAL(IO_COST, 18, 2) AS IO_COST, DECIMAL(CPU_COST, 18, 2) AS CPU_COST, DECIMAL(FIRST_ROW_COST, 18, 2) AS FIRST_ROW_COST FROM DBA.EXPLAIN_OPERATOR WHERE EXPLAIN_TIME = TIMESTAMP('2026-08-18-13.37.50.588654') AND SOURCE_NAME = 'SQLC2O27' AND STMTNO = 1 AND SECTNO = 201 ORDER BY OPERATOR_ID
          1 RETURN                      303,71                42,41          36267076,00               303,71
          2 GRPBY                       303,71                42,41          36266632,00               303,71
          3 TBSCAN                      303,71                42,41          36266384,00               303,71
          4 SORT                        303,71                42,41          36264848,00               303,71
          5 UNION                       303,71                42,41          36261704,00               303,71
          6 NLJOIN                      123,18                17,33          10551365,00               123,18
          7 NLJOIN                      115,98                16,31          10476467,00               115,98
          8 NLJOIN                      108,93                15,31          10414928,00               108,93
          9 HSJOIN                      101,88                14,31          10348011,00               101,88
         10 NLJOIN                       27,15                 3,72           9638173,00                 7,20
         11 IXSCAN                        0,00                 0,00             41070,51                 0,00
         12 IXSCAN                       27,15                 3,72           9597102,00                 7,20
         13 NLJOIN                       74,72                10,59            705757,62                74,72
         14 FETCH                         7,05                 1,00             55300,00                 7,05
         15 IXSCAN                        0,00                 0,00             40480,00                 0,00
         16 FILTER                       67,67                 9,59            650457,62                67,67
         17 NLJOIN                       67,67                 9,59            650457,62                67,67
         18 NLJOIN                       60,45                 8,57            579875,43                60,45
         19 NLJOIN                       53,23                 7,55            442017,06                53,23
         20 NLJOIN                       46,01                 6,52            306924,34                46,01
         21 NLJOIN                       38,81                 5,50            231168,76                38,81
         22 IXSCAN                        0,00                 0,00             42374,71                 0,00
         23 FETCH                        38,80                 5,50            188794,04                36,87
         24 IXSCAN                        7,05                 1,00             98076,36                 7,05
         25 FETCH                        14,25                 2,02             79155,57                14,25
         26 IXSCAN                       14,09                 2,00             77904,54                14,09
         27 FETCH                        14,26                 2,02            138492,79                14,26
         28 IXSCAN                       14,10                 2,00            137229,09                14,10
         29 FETCH                        14,26                 2,02            141258,48                14,26
         30 IXSCAN                       14,10                 2,00            139994,78                14,10
         31 FETCH                         7,22                 1,02             70582,16                 7,22
         32 IXSCAN                        7,05                 1,00             69258,65                 7,05
         33 FETCH                         7,05                 1,00             66916,64                 7,05
         34 IXSCAN                        0,00                 0,00             50280,52                 0,00
         35 FETCH                         7,05                 1,00             61538,51                 7,05
         36 IXSCAN                        7,05                 1,00             60628,26                 7,05
         37 FETCH                        14,24                 2,02             78298,10                14,24
         38 IXSCAN                       14,09                 2,00             77077,25                14,09
         39 NLJOIN                      180,52                25,07          25709448,00               180,52
         40 NLJOIN                      173,33                24,05          25634550,00               173,33
         41 NLJOIN                      166,27                23,05          25573012,00               166,27
         42 HSJOIN                      159,22                22,05          25506096,00               159,22
         43 FETCH                         7,05                 1,00             55300,00                 7,05
         44 IXSCAN                        0,00                 0,00             40480,00                 0,00
         45 NLJOIN                      152,17                21,05          25450520,00               152,17
         46 NLJOIN                      152,17                21,05          25409218,00               152,17
         47 NLJOIN                      143,68                19,84          25327768,00               143,68
         48 NLJOIN                      123,02                16,91          25233320,00                73,92
         49 IXSCAN                        0,00                 0,00             41070,51                 0,00
         50 FETCH                       123,02                16,91          25192250,00                73,91
         51 RIDSCN                       66,70                 9,11          24991840,00                66,70
         52 SORT                         66,70                 9,11          24990554,00                66,70
         53 IXAND                        66,70                 9,11          24977234,00                36,75
         54 IXSCAN                       27,15                 3,72           9597102,00                 7,20
         55 IXSCAN                       39,42                 5,40          14087856,00                 7,05
         56 FETCH                        14,25                 2,02             79139,39                14,25
         57 IXSCAN                       14,09                 2,00             77904,54                14,09
         58 FETCH                        15,53                 2,20             84850,64                15,53
         59 IXSCAN                       14,09                 2,00             80761,18                14,09
         60 IXSCAN                        0,00                 0,00             41303,00                 0,00
         61 FETCH                         7,05                 1,00             66916,64                 7,05
         62 IXSCAN                        0,00                 0,00             50280,52                 0,00
         63 FETCH                         7,05                 1,00             61538,51                 7,05
         64 IXSCAN                        7,05                 1,00             60628,26                 7,05
         65 FETCH                        14,24                 2,02             78298,10                14,24
         66 IXSCAN                       14,09                 2,00             77077,25                14,09

SELECT STREAM_ID, SOURCE_TYPE, SOURCE_ID, TARGET_TYPE, TARGET_ID, OBJECT_SCHEMA, OBJECT_NAME, DECIMAL(STREAM_COUNT, 18, 2) AS STREAM_COUNT, COLUMN_COUNT, PREDICATE_ID FROM DBA.EXPLAIN_STREAM WHERE EXPLAIN_TIME = TIMESTAMP('2026-08-18-13.37.50.588654') AND SOURCE_NAME = 'SQLC2O27' AND STMTNO = 1 AND SECTNO = 201 ORDER BY STREAM_ID
          1 D                    -1 O                    11 DBA                                                                                                                              PK_CONFIG_ALIQUOTA_ZERO_COI                                                                                                                      3,00            3           -1
          2 O                    11 O                    10 -                                                                                                                                -                                                                                                                                                0,11            2           -1
          3 D                    -1 O                    12 DBA                                                                                                                              PISCOF_0150_NES2                                                                                                                             78633,00            4           -1
          4 O                    12 O                    10 -                                                                                                                                -                                                                                                                                              125,81            3           -1
          5 O                    10 O                     9 -                                                                                                                                -                                                                                                                                               15,09            4           -1
          6 D                    -1 O                    15 DBA                                                                                                                              PK_CONFIG_SPED_ALIQUOTA_ZERO                                                                                                                     1,00            2           -1
          7 O                    15 O                    14 -                                                                                                                                -                                                                                                                                                1,00            2           -1
          8 D                    -1 O                    14 DBA                                                                                                                              CONFIG_SPED_ALIQUOTA_ZERO                                                                                                                        1,00            3           -1
          9 O                    14 O                    13 -                                                                                                                                -                                                                                                                                                1,00            4           -1
         10 D                    -1 O                    22 DBA                                                                                                                              PK_CONFIG_ALIQUOTA_ZERO_PRODUTOS                                                                                                                 8,00            4           -1
         11 O                    22 O                    21 -                                                                                                                                -                                                                                                                                                0,31            3           -1
         12 D                    -1 O                    24 DBA                                                                                                                              NOT_DEV_IDSIDPR                                                                                                                             442710,00            3           -1
         13 O                    24 O                    23 -                                                                                                                                -                                                                                                                                               12,78            3           -1
         14 D                    -1 O                    23 DBA                                                                                                                              NOTAS_DEVOLUCAO                                                                                                                             442710,00            6           -1
         15 O                    23 O                    21 -                                                                                                                                -                                                                                                                                                0,00            8           -1
         16 O                    21 O                    20 -                                                                                                                                -                                                                                                                                                0,00           11           -1
         17 D                    -1 O                    26 SYSIBM                                                                                                                           SQL240427220936920                                                                                                                        60897008,00            3           -1
         18 O                    26 O                    25 -                                                                                                                                -                                                                                                                                                0,02            3           -1
         19 D                    -1 O                    25 DBA                                                                                                                              NOTAS                                                                                                                                     60897008,00            4           -1
         20 O                    25 O                    20 -                                                                                                                                -                                                                                                                                                0,01            5           -1
         21 O                    20 O                    19 -                                                                                                                                -                                                                                                                                                0,00           16           -1
         22 D                    -1 O                    28 DBA                                                                                                                              PISCOF_MOV_IDC                                                                                                                           495260071,00            4           -1
         23 O                    28 O                    27 -                                                                                                                                -                                                                                                                                                0,02            4           -1
         24 D                    -1 O                    27 DBA                                                                                                                              PISCOFINS_MOVIMENTO                                                                                                                      495260071,00            6           -1
         25 O                    27 O                    19 -                                                                                                                                -                                                                                                                                                0,00            7           -1
         26 O                    19 O                    18 -                                                                                                                                -                                                                                                                                                0,00           22           -1
         27 D                    -1 O                    30 DBA                                                                                                                              PISCOF_MOV_IDC                                                                                                                           495260071,00            4           -1
         28 O                    30 O                    29 -                                                                                                                                -                                                                                                                                                0,02            4           -1
         29 D                    -1 O                    29 DBA                                                                                                                              PISCOFINS_MOVIMENTO                                                                                                                      495260071,00            5           -1
         30 O                    29 O                    18 -                                                                                                                                -                                                                                                                                                0,00            5           -1
         31 O                    18 O                    17 -                                                                                                                                -                                                                                                                                                0,00           26           -1
         32 D                    -1 O                    32 SYSIBM                                                                                                                           SQL240427220936450                                                                                                                           78633,00            3           -1
         33 O                    32 O                    31 -                                                                                                                                -                                                                                                                                                0,02            3           -1
         34 D                    -1 O                    31 DBA                                                                                                                              NOTAS_ENTRADA_SAIDA                                                                                                                          78633,00            2           -1
         35 O                    31 O                    17 -                                                                                                                                -                                                                                                                                                0,00            3           -1
         36 O                    17 O                    16 -                                                                                                                                -                                                                                                                                                0,00           29           -1
         37 O                    16 O                    13 -                                                                                                                                -                                                                                                                                                0,00           29           -1
         38 O                    13 O                     9 -                                                                                                                                -                                                                                                                                                0,00           33           -1
         39 O                     9 O                     8 -                                                                                                                                -                                                                                                                                                0,00            9           -1
         40 D                    -1 O                    34 SYSIBM                                                                                                                           SQL240427220659670                                                                                                                              46,00            2           -1
         41 O                    34 O                    33 -                                                                                                                                -                                                                                                                                                1,00            2           -1
         42 D                    -1 O                    33 DBA                                                                                                                              CONFIG_CONTABIL                                                                                                                                 46,00            2           -1
         43 O                    33 O                     8 -                                                                                                                                -                                                                                                                                                1,00            2           -1
         44 O                     8 O                     7 -                                                                                                                                -                                                                                                                                                0,00           11           -1
         45 D                    -1 O                    36 SYSIBM                                                                                                                           SQL240427220711760                                                                                                                           24984,00            3           -1
         46 O                    36 O                    35 -                                                                                                                                -                                                                                                                                                0,00            3           -1
         47 D                    -1 O                    35 DBA                                                                                                                              NOTA_FISCAL_ELETRONICA                                                                                                                       24984,00            1           -1
         48 O                    35 O                     7 -                                                                                                                                -                                                                                                                                                0,00            1           -1
         49 O                     7 O                     6 -                                                                                                                                -                                                                                                                                                0,00           12           -1
         50 D                    -1 O                    38 DBA                                                                                                                              PK_NOTFISCONSELET                                                                                                                         50846068,00            3           -1
         51 O                    38 O                    37 -                                                                                                                                -                                                                                                                                                0,02            3           -1
         52 D                    -1 O                    37 DBA                                                                                                                              NOTA_FISCAL_CONSUMIDOR_ELETRONICA                                                                                                         50846068,00            1           -1
         53 O                    37 O                     6 -                                                                                                                                -                                                                                                                                                0,02            3           -1
         54 O                     6 O                     5 -                                                                                                                                -                                                                                                                                                0,00           14           -1
         55 D                    -1 O                    44 DBA                                                                                                                              PK_CONFIG_SPED_ALIQUOTA_ZERO                                                                                                                     1,00            2           -1
         56 O                    44 O                    43 -                                                                                                                                -                                                                                                                                                1,00            2           -1
         57 D                    -1 O                    43 DBA                                                                                                                              CONFIG_SPED_ALIQUOTA_ZERO                                                                                                                        1,00            3           -1
         58 O                    43 O                    42 -                                                                                                                                -                                                                                                                                                1,00            4           -1
         59 D                    -1 O                    49 DBA                                                                                                                              PK_CONFIG_ALIQUOTA_ZERO_COI                                                                                                                      3,00            3           -1
         60 O                    49 O                    48 -                                                                                                                                -                                                                                                                                                0,11            2           -1
         61 D                    -1 O                    54 DBA                                                                                                                              PISCOF_0150_NES2                                                                                                                             78633,00            4           -1
         62 O                    54 O                    53 -                                                                                                                                -                                                                                                                                              125,81            4           -1
         63 D                    -1 O                    55 DBA                                                                                                                              NOT_ENT_SAI_DTE                                                                                                                              78633,00            2           -1
         64 O                    55 O                    53 -                                                                                                                                -                                                                                                                                             7863,30            2           -1
         65 O                    53 O                    52 -                                                                                                                                -                                                                                                                                               12,58            2           -1
         66 O                    52 O                    51 -                                                                                                                                -                                                                                                                                               12,58            1           -1
         67 O                    51 O                    50 -                                                                                                                                -                                                                                                                                               12,58            1           -1
         68 D                    -1 O                    50 DBA                                                                                                                              NOTAS_ENTRADA_SAIDA                                                                                                                          78633,00            5           -1
         69 O                    50 O                    48 -                                                                                                                                -                                                                                                                                               12,07            3           -1
         70 O                    48 O                    47 -                                                                                                                                -                                                                                                                                                1,44            5           -1
         71 D                    -1 O                    57 SYSIBM                                                                                                                           SQL240427220936920                                                                                                                        60897008,00            3           -1
         72 O                    57 O                    56 -                                                                                                                                -                                                                                                                                                0,02            3           -1
         73 D                    -1 O                    56 DBA                                                                                                                              NOTAS                                                                                                                                     60897008,00            4           -1
         74 O                    56 O                    47 -                                                                                                                                -                                                                                                                                                0,01            5           -1
         75 O                    47 O                    46 -                                                                                                                                -                                                                                                                                                0,02           10           -1
         76 D                    -1 O                    59 DBA                                                                                                                              PIS_EMP_PLA_IDI                                                                                                                          495260071,00            3           -1
         77 O                    59 O                    58 -                                                                                                                                -                                                                                                                                                0,20            3           -1
         78 D                    -1 O                    58 DBA                                                                                                                              PISCOFINS_MOVIMENTO                                                                                                                      495260071,00            6           -1
         79 O                    58 O                    46 -                                                                                                                                -                                                                                                                                                0,00            6           -1
         80 O                    46 O                    45 -                                                                                                                                -                                                                                                                                                0,00           16           -1
         81 D                    -1 O                    60 DBA                                                                                                                              PK_CONFIG_ALIQUOTA_ZERO_PRODUTOS                                                                                                                 8,00            4           -1
         82 O                    60 O                    45 -                                                                                                                                -                                                                                                                                                0,00            3           -1
         83 O                    45 O                    42 -                                                                                                                                -                                                                                                                                                0,00           17           -1
         84 O                    42 O                    41 -                                                                                                                                -                                                                                                                                                0,00            9           -1
         85 D                    -1 O                    62 SYSIBM                                                                                                                           SQL240427220659670                                                                                                                              46,00            2           -1
         86 O                    62 O                    61 -                                                                                                                                -                                                                                                                                                1,00            2           -1
         87 D                    -1 O                    61 DBA                                                                                                                              CONFIG_CONTABIL                                                                                                                                 46,00            2           -1
         88 O                    61 O                    41 -                                                                                                                                -                                                                                                                                                1,00            2           -1
         89 O                    41 O                    40 -                                                                                                                                -                                                                                                                                                0,00           11           -1
         90 D                    -1 O                    64 SYSIBM                                                                                                                           SQL240427220711760                                                                                                                           24984,00            3           -1
         91 O                    64 O                    63 -                                                                                                                                -                                                                                                                                                0,00            3           -1
         92 D                    -1 O                    63 DBA                                                                                                                              NOTA_FISCAL_ELETRONICA                                                                                                                       24984,00            1           -1
         93 O                    63 O                    40 -                                                                                                                                -                                                                                                                                                0,00            1           -1
         94 O                    40 O                    39 -                                                                                                                                -                                                                                                                                                0,00           12           -1
         95 D                    -1 O                    66 DBA                                                                                                                              PK_NOTFISCONSELET                                                                                                                         50846068,00            3           -1
         96 O                    66 O                    65 -                                                                                                                                -                                                                                                                                                0,02            3           -1
         97 D                    -1 O                    65 DBA                                                                                                                              NOTA_FISCAL_CONSUMIDOR_ELETRONICA                                                                                                         50846068,00            1           -1
         98 O                    65 O                    39 -                                                                                                                                -                                                                                                                                                0,02            3           -1
         99 O                    39 O                     5 -                                                                                                                                -                                                                                                                                                0,00           14           -1
        100 O                     5 O                     4 -                                                                                                                                -                                                                                                                                                0,00           14           -1
        101 O                     4 O                     3 -                                                                                                                                -                                                                                                                                                0,00           14           -1
        102 O                     3 O                     2 -                                                                                                                                -                                                                                                                                                0,00           14           -1
        103 O                     2 O                     1 -                                                                                                                                -                                                                                                                                                0,00           14           -1

SELECT OBJECT_SCHEMA, OBJECT_NAME, OBJECT_TYPE, ROW_COUNT, PAGES, NLEAF, NLEVELS, FULLKEYCARD, FIRSTKEYCARD, FIRST2KEYCARD, FIRST3KEYCARD, FIRST4KEYCARD FROM DBA.EXPLAIN_OBJECT WHERE EXPLAIN_TIME = TIMESTAMP('2026-08-18-13.37.50.588654') AND SOURCE_NAME = 'SQLC2O27' AND STMTNO = 1 AND SECTNO = 201 ORDER BY OBJECT_SCHEMA, OBJECT_NAME, OBJECT_TYPE
DBA                                                                                                                              CONFIG_ALIQUOTA_ZERO_COI                                                                                                         +T                            -1                   -1                   -1          -1                   -1                   -1                   -1                   -1                   -1
DBA                                                                                                                              CONFIG_ALIQUOTA_ZERO_PRODUTOS                                                                                                    +T                            -1                   -1                   -1          -1                   -1                   -1                   -1                   -1                   -1
DBA                                                                                                                              CONFIG_CONTABIL                                                                                                                  TA                            46                    1                   -1          -1                   -1                   -1                   -1                   -1                   -1
DBA                                                                                                                              CONFIG_SPED_ALIQUOTA_ZERO                                                                                                        TA                             1                    1                   -1          -1                   -1                   -1                   -1                   -1                   -1
DBA                                                                                                                              NOT_DEV_IDSIDPR                                                                                                                  IX                        442710                  489                   78           2                34633                34633                34633                   -1                   -1
DBA                                                                                                                              NOT_ENT_SAI_DTE                                                                                                                  IX                         78633                96870                   54           2                 7863                 7863                   -1                   -1                   -1
DBA                                                                                                                              NOTA_FISCAL_CONSUMIDOR_ELETRONICA                                                                                                TA                      50846068               173909                   -1          -1                   -1                   -1                   -1                   -1                   -1
DBA                                                                                                                              NOTA_FISCAL_ELETRONICA                                                                                                           TA                         24984                 2268                   -1          -1                   -1                   -1                   -1                   -1                   -1
DBA                                                                                                                              NOTAS                                                                                                                            TA                      60897008                87400                   -1          -1                   -1                   -1                   -1                   -1                   -1
DBA                                                                                                                              NOTAS_DEVOLUCAO                                                                                                                  TA                        442710                  489                   -1          -1                   -1                   -1                   -1                   -1                   -1
DBA                                                                                                                              NOTAS_ENTRADA_SAIDA                                                                                                              TA                         78633                96870                   -1          -1                   -1                   -1                   -1                   -1                   -1
DBA                                                                                                                              PIS_EMP_PLA_IDI                                                                                                                  IX                     495260071               766028                83602           3             55103201             55103201             55103201                   -1                   -1
DBA                                                                                                                              PISCOF_0150_NES2                                                                                                                 IX                         78633                96870                   93           2                 7863                 7863                   -1                   -1                   -1
DBA                                                                                                                              PISCOF_MOV_IDC                                                                                                                   IX                     495260071               766028               393890           3            495260071                  863            495260067            495260071            495260071
DBA                                                                                                                              PISCOFINS_MOVIMENTO                                                                                                              TA                     495260071               766028                   -1          -1                   -1                   -1                   -1                   -1                   -1
DBA                                                                                                                              PK_CONFIG_ALIQUOTA_ZERO_COI                                                                                                      IX                             3                    1                    1           1                    3                    3                   -1                   -1                   -1
DBA                                                                                                                              PK_CONFIG_ALIQUOTA_ZERO_PRODUTOS                                                                                                 IX                             8                    1                    1           1                    8                    8                   -1                   -1                   -1
DBA                                                                                                                              PK_CONFIG_SPED_ALIQUOTA_ZERO                                                                                                     IX                             1                    1                    1           1                    1                    1                   -1                   -1                   -1
DBA                                                                                                                              PK_NOTFISCONSELET                                                                                                                IX                      50846068               173909                33227           3             50846068             50846068             50846068                   -1                   -1
SYSIBM                                                                                                                           SQL240427220659670                                                                                                               IX                            46                    1                    1           1                   46                   46                   -1                   -1                   -1
SYSIBM                                                                                                                           SQL240427220711760                                                                                                               IX                         24984                 2268                   21           2                24984                24984                   -1                   -1                   -1
SYSIBM                                                                                                                           SQL240427220936450                                                                                                               IX                         78633                96870                   65           2                78633                78633                   -1                   -1                   -1
SYSIBM                                                                                                                           SQL240427220936920                                                                                                               IX                      60897008                87400                39675           3             60897008             60897008             60897008                   -1                   -1

SELECT OPERATOR_ID, ARGUMENT_TYPE, ARGUMENT_VALUE FROM DBA.EXPLAIN_ARGUMENT WHERE EXPLAIN_TIME = TIMESTAMP('2026-08-18-13.37.50.588654') AND SOURCE_NAME = 'SQLC2O27' AND STMTNO = 1 AND SECTNO = 201 AND ARGUMENT_TYPE IN ('UNIQUE', 'JOIN_TYPE', 'ISCAN_TYPE', 'PREFETCH', 'SORTC_SHRHEAP_TOP') ORDER BY OPERATOR_ID, ARGUMENT_TYPE
          3 PREFETCH      NONE                                                                                                                                                                                                                                                                                                                                                                                                                                                                                                                                                                                                                                                                                                                                                                                                                                                                                                                                                                                                                                                            
          4 UNIQUE        FALSE                                                                                                                                                                                                                                                                                                                                                                                                                                                                                                                                                                                                                                                                                                                                                                                                                                                                                                                                                                                                                                                           
         11 PREFETCH      NONE                                                                                                                                                                                                                                                                                                                                                                                                                                                                                                                                                                                                                                                                                                                                                                                                                                                                                                                                                                                                                                                            
         12 PREFETCH      SEQUENTIAL,READAHEAD                                                                                                                                                                                                                                                                                                                                                                                                                                                                                                                                                                                                                                                                                                                                                                                                                                                                                                                                                                                                                                            
         14 PREFETCH      NONE                                                                                                                                                                                                                                                                                                                                                                                                                                                                                                                                                                                                                                                                                                                                                                                                                                                                                                                                                                                                                                                            
         15 PREFETCH      NONE                                                                                                                                                                                                                                                                                                                                                                                                                                                                                                                                                                                                                                                                                                                                                                                                                                                                                                                                                                                                                                                            
         22 PREFETCH      NONE                                                                                                                                                                                                                                                                                                                                                                                                                                                                                                                                                                                                                                                                                                                                                                                                                                                                                                                                                                                                                                                            
         23 PREFETCH      SEQUENTIAL,READAHEAD                                                                                                                                                                                                                                                                                                                                                                                                                                                                                                                                                                                                                                                                                                                                                                                                                                                                                                                                                                                                                                            
         24 PREFETCH      SEQUENTIAL,READAHEAD                                                                                                                                                                                                                                                                                                                                                                                                                                                                                                                                                                                                                                                                                                                                                                                                                                                                                                                                                                                                                                            
         25 PREFETCH      NONE                                                                                                                                                                                                                                                                                                                                                                                                                                                                                                                                                                                                                                                                                                                                                                                                                                                                                                                                                                                                                                                            
         26 PREFETCH      SEQUENTIAL,READAHEAD                                                                                                                                                                                                                                                                                                                                                                                                                                                                                                                                                                                                                                                                                                                                                                                                                                                                                                                                                                                                                                            
         27 PREFETCH      SEQUENTIAL                                                                                                                                                                                                                                                                                                                                                                                                                                                                                                                                                                                                                                                                                                                                                                                                                                                                                                                                                                                                                                                      
         28 PREFETCH      SEQUENTIAL,READAHEAD                                                                                                                                                                                                                                                                                                                                                                                                                                                                                                                                                                                                                                                                                                                                                                                                                                                                                                                                                                                                                                            
         29 PREFETCH      SEQUENTIAL                                                                                                                                                                                                                                                                                                                                                                                                                                                                                                                                                                                                                                                                                                                                                                                                                                                                                                                                                                                                                                                      
         30 PREFETCH      SEQUENTIAL,READAHEAD                                                                                                                                                                                                                                                                                                                                                                                                                                                                                                                                                                                                                                                                                                                                                                                                                                                                                                                                                                                                                                            
         31 PREFETCH      NONE                                                                                                                                                                                                                                                                                                                                                                                                                                                                                                                                                                                                                                                                                                                                                                                                                                                                                                                                                                                                                                                            
         32 PREFETCH      SEQUENTIAL,READAHEAD                                                                                                                                                                                                                                                                                                                                                                                                                                                                                                                                                                                                                                                                                                                                                                                                                                                                                                                                                                                                                                            
         33 PREFETCH      NONE                                                                                                                                                                                                                                                                                                                                                                                                                                                                                                                                                                                                                                                                                                                                                                                                                                                                                                                                                                                                                                                            
         34 PREFETCH      NONE                                                                                                                                                                                                                                                                                                                                                                                                                                                                                                                                                                                                                                                                                                                                                                                                                                                                                                                                                                                                                                                            
         35 PREFETCH      NONE                                                                                                                                                                                                                                                                                                                                                                                                                                                                                                                                                                                                                                                                                                                                                                                                                                                                                                                                                                                                                                                            
         36 PREFETCH      SEQUENTIAL,READAHEAD                                                                                                                                                                                                                                                                                                                                                                                                                                                                                                                                                                                                                                                                                                                                                                                                                                                                                                                                                                                                                                            
         37 PREFETCH      NONE                                                                                                                                                                                                                                                                                                                                                                                                                                                                                                                                                                                                                                                                                                                                                                                                                                                                                                                                                                                                                                                            
         38 PREFETCH      SEQUENTIAL,READAHEAD                                                                                                                                                                                                                                                                                                                                                                                                                                                                                                                                                                                                                                                                                                                                                                                                                                                                                                                                                                                                                                            
         43 PREFETCH      NONE                                                                                                                                                                                                                                                                                                                                                                                                                                                                                                                                                                                                                                                                                                                                                                                                                                                                                                                                                                                                                                                            
         44 PREFETCH      NONE                                                                                                                                                                                                                                                                                                                                                                                                                                                                                                                                                                                                                                                                                                                                                                                                                                                                                                                                                                                                                                                            
         49 PREFETCH      NONE                                                                                                                                                                                                                                                                                                                                                                                                                                                                                                                                                                                                                                                                                                                                                                                                                                                                                                                                                                                                                                                            
         50 PREFETCH      LIST                                                                                                                                                                                                                                                                                                                                                                                                                                                                                                                                                                                                                                                                                                                                                                                                                                                                                                                                                                                                                                                            
         52 UNIQUE        TRUE                                                                                                                                                                                                                                                                                                                                                                                                                                                                                                                                                                                                                                                                                                                                                                                                                                                                                                                                                                                                                                                            
         54 PREFETCH      SEQUENTIAL,READAHEAD                                                                                                                                                                                                                                                                                                                                                                                                                                                                                                                                                                                                                                                                                                                                                                                                                                                                                                                                                                                                                                            
         55 PREFETCH      SEQUENTIAL,READAHEAD                                                                                                                                                                                                                                                                                                                                                                                                                                                                                                                                                                                                                                                                                                                                                                                                                                                                                                                                                                                                                                            
         56 PREFETCH      NONE                                                                                                                                                                                                                                                                                                                                                                                                                                                                                                                                                                                                                                                                                                                                                                                                                                                                                                                                                                                                                                                            
         57 PREFETCH      SEQUENTIAL,READAHEAD                                                                                                                                                                                                                                                                                                                                                                                                                                                                                                                                                                                                                                                                                                                                                                                                                                                                                                                                                                                                                                            
         58 PREFETCH      SEQUENTIAL,READAHEAD                                                                                                                                                                                                                                                                                                                                                                                                                                                                                                                                                                                                                                                                                                                                                                                                                                                                                                                                                                                                                                            
         59 PREFETCH      SEQUENTIAL,READAHEAD                                                                                                                                                                                                                                                                                                                                                                                                                                                                                                                                                                                                                                                                                                                                                                                                                                                                                                                                                                                                                                            
         60 PREFETCH      NONE                                                                                                                                                                                                                                                                                                                                                                                                                                                                                                                                                                                                                                                                                                                                                                                                                                                                                                                                                                                                                                                            
         61 PREFETCH      NONE                                                                                                                                                                                                                                                                                                                                                                                                                                                                                                                                                                                                                                                                                                                                                                                                                                                                                                                                                                                                                                                            
         62 PREFETCH      NONE                                                                                                                                                                                                                                                                                                                                                                                                                                                                                                                                                                                                                                                                                                                                                                                                                                                                                                                                                                                                                                                            
         63 PREFETCH      NONE                                                                                                                                                                                                                                                                                                                                                                                                                                                                                                                                                                                                                                                                                                                                                                                                                                                                                                                                                                                                                                                            
         64 PREFETCH      SEQUENTIAL,READAHEAD                                                                                                                                                                                                                                                                                                                                                                                                                                                                                                                                                                                                                                                                                                                                                                                                                                                                                                                                                                                                                                            
         65 PREFETCH      NONE                                                                                                                                                                                                                                                                                                                                                                                                                                                                                                                                                                                                                                                                                                                                                                                                                                                                                                                                                                                                                                                            
         66 PREFETCH      SEQUENTIAL,READAHEAD                                                                                                                                                                                                                                                                                                                                                                                                                                                                                                                                                                                                                                                                                                                                                                                                                                                                                                                                                                                                                                            

